no errors here